// Jest Snapshot v1, https://goo.gl/fbAQLP

exports[`InfoCardSkeleton renders correctly and matches snapshot 1`] = `
<div>
  <div
    class="rt-Flex rt-r-ai-start w-full rounded-lg border border-[var(--gray-6)] bg-white px-5 py-10 shadow-sm"
  >
    <div
      class="rt-Flex rt-r-fd-column flex-1 space-y-3"
    >
      <div
        class="h-5 w-32 animate-pulse rounded bg-gray-200"
      />
      <div
        class="h-8 w-20 animate-pulse rounded bg-gray-200"
      />
      <div
        class="h-4 w-40 animate-pulse rounded bg-gray-200"
      />
    </div>
    <div
      class="h-10 w-10 animate-pulse rounded-full bg-gray-200"
    />
  </div>
</div>
`;
