// Jest Snapshot v1, https://goo.gl/fbAQLP

exports[`SignInForm Should render with default props 1`] = `
<div>
  <div
    class="rt-Flex rt-r-fd-column rt-r-gap-4 rt-r-w"
    style="--width: 400px;"
  >
    <button
      class="rt-reset rt-BaseButton rt-r-size-2 rt-variant-solid rt-Button w-full cursor-pointer border border-gray-400 bg-white py-6 text-lg font-semibold text-black transition-all hover:bg-gray-100"
      data-accent-color=""
    >
      <span>
        <img
          alt="Google Logo"
          data-nimg="1"
          decoding="async"
          height="25"
          loading="lazy"
          src="/_next/image?url=%2Fimg.jpg&w=64&q=75"
          srcset="/_next/image?url=%2Fimg.jpg&w=32&q=75 1x, /_next/image?url=%2Fimg.jpg&w=64&q=75 2x"
          style="color: transparent;"
          width="25"
        />
      </span>
      Sign in
    </button>
  </div>
</div>
`;
