// Jest Snapshot v1, https://goo.gl/fbAQLP

exports[`Button Component renders correctly and matches snapshot 1`] = `
<DocumentFragment>
  <button
    class="rt-reset rt-BaseButton rt-r-size-2 rt-variant-solid rt-Button px-4 py-2 rounded-md transition-all disabled:opacity-50 cursor-pointer bg-blue-500 text-white hover:bg-blue-600"
    data-accent-color=""
  >
    Click me
  </button>
</DocumentFragment>
`;
